13:05:17 **** Incremental Build of configuration Debug for project demo ****
make -j12 all 
arm-none-eabi-gcc "../Core/Src/main.c" -mcpu=cortex-m4 -std=gnu11 -g3 -DDEBUG -DUSE_HAL_DRIVER -DSTM32F446xx -c -I../Core/Inc -I../Drivers/STM32F4xx_HAL_Driver/Inc -I../Drivers/STM32F4xx_HAL_Driver/Inc/Legacy -I../Drivers/CMSIS/Device/ST/STM32F4xx/Include -I../Drivers/CMSIS/Include -O0 -ffunction-sections -fdata-sections -Wall -fstack-usage -fcyclomatic-complexity -MMD -MP -MF"Core/Src/main.d" -MT"Core/Src/main.o" --specs=nano.specs -mfpu=fpv4-sp-d16 -mfloat-abi=hard -mthumb -o "Core/Src/main.o"
arm-none-eabi-gcc -o "demo.elf" @"objects.list"   -mcpu=cortex-m4 -T"D:\SDMIDE\STMIDE WORKSPACE\demo\STM32F446RETX_FLASH.ld" --specs=nosys.specs -Wl,-Map="demo.map" -Wl,--gc-sections -static --specs=nano.specs -mfpu=fpv4-sp-d16 -mfloat-abi=hard -mthumb -Wl,--start-group -lc -lm -Wl,--end-group
Finished building target: demo.elf
 
arm-none-eabi-size  demo.elf 
arm-none-eabi-objdump -h -S demo.elf  > "demo.list"
   text	   data	    bss	    dec	    hex	filename
   6756	     20	   1572	   8348	   209c	demo.elf
Finished building: default.size.stdout
 
Finished building: demo.list
 

13:05:19 Build Finished. 0 errors, 0 warnings. (took 1s.163ms)

