13:07:27 **** Incremental Build of configuration Debug for project HC05_Togonboard ****
make -j12 all 
arm-none-eabi-gcc "../Core/Src/main.c" -mcpu=cortex-m4 -std=gnu11 -g3 -DDEBUG -DUSE_HAL_DRIVER -DSTM32F446xx -c -I../Core/Inc -I../Drivers/STM32F4xx_HAL_Driver/Inc -I../Drivers/STM32F4xx_HAL_Driver/Inc/Legacy -I../Drivers/CMSIS/Device/ST/STM32F4xx/Include -I../Drivers/CMSIS/Include -O0 -ffunction-sections -fdata-sections -Wall -fstack-usage -fcyclomatic-complexity -MMD -MP -MF"Core/Src/main.d" -MT"Core/Src/main.o" --specs=nano.specs -mfpu=fpv4-sp-d16 -mfloat-abi=hard -mthumb -o "Core/Src/main.o"
arm-none-eabi-gcc -o "HC05_Togonboard.elf" @"objects.list"   -mcpu=cortex-m4 -T"D:\SDMIDE\STMIDE WORKSPACE\HC05_Togonboard\STM32F446RETX_FLASH.ld" --specs=nosys.specs -Wl,-Map="HC05_Togonboard.map" -Wl,--gc-sections -static --specs=nano.specs -mfpu=fpv4-sp-d16 -mfloat-abi=hard -mthumb -Wl,--start-group -lc -lm -Wl,--end-group
Finished building target: HC05_Togonboard.elf
 
arm-none-eabi-size  HC05_Togonboard.elf 
arm-none-eabi-objdump -h -S HC05_Togonboard.elf  > "HC05_Togonboard.list"
   text	   data	    bss	    dec	    hex	filename
  11388	     20	   1644	  13052	   32fc	HC05_Togonboard.elf
Finished building: default.size.stdout
 
Finished building: HC05_Togonboard.list
 

13:07:29 Build Finished. 0 errors, 0 warnings. (took 1s.916ms)

