13:06:56 **** Incremental Build of configuration Debug for project Input_capture ****
make -j12 all 
arm-none-eabi-gcc "../Core/Src/main.c" -mcpu=cortex-m4 -std=gnu11 -g3 -DDEBUG -DUSE_HAL_DRIVER -DSTM32F446xx -c -I../Core/Inc -I../Drivers/STM32F4xx_HAL_Driver/Inc -I../Drivers/STM32F4xx_HAL_Driver/Inc/Legacy -I../Drivers/CMSIS/Device/ST/STM32F4xx/Include -I../Drivers/CMSIS/Include -O0 -ffunction-sections -fdata-sections -Wall -fstack-usage -fcyclomatic-complexity -MMD -MP -MF"Core/Src/main.d" -MT"Core/Src/main.o" --specs=nano.specs -mfpu=fpv4-sp-d16 -mfloat-abi=hard -mthumb -o "Core/Src/main.o"
arm-none-eabi-gcc -o "Input_capture.elf" @"objects.list"   -mcpu=cortex-m4 -T"D:\SDMIDE\STMIDE WORKSPACE\Input_capture\STM32F446RETX_FLASH.ld" --specs=nosys.specs -Wl,-Map="Input_capture.map" -Wl,--gc-sections -static --specs=nano.specs -mfpu=fpv4-sp-d16 -mfloat-abi=hard -mthumb -Wl,--start-group -lc -lm -Wl,--end-group
Finished building target: Input_capture.elf
 
arm-none-eabi-size  Input_capture.elf 
arm-none-eabi-objdump -h -S Input_capture.elf  > "Input_capture.list"
   text	   data	    bss	    dec	    hex	filename
  10884	     20	   1652	  12556	   310c	Input_capture.elf
Finished building: default.size.stdout
 
Finished building: Input_capture.list
 

13:06:58 Build Finished. 0 errors, 0 warnings. (took 1s.761ms)

