16:42:20 **** Incremental Build of configuration Debug for project PR3_LEDSW ****
make -j12 all 
arm-none-eabi-gcc "../Core/Src/main.c" -mcpu=cortex-m4 -std=gnu11 -g3 -DDEBUG -DUSE_HAL_DRIVER -DSTM32F446xx -c -I../Core/Inc -I../Drivers/STM32F4xx_HAL_Driver/Inc -I../Drivers/STM32F4xx_HAL_Driver/Inc/Legacy -I../Drivers/CMSIS/Device/ST/STM32F4xx/Include -I../Drivers/CMSIS/Include -O0 -ffunction-sections -fdata-sections -Wall -fstack-usage -fcyclomatic-complexity -MMD -MP -MF"Core/Src/main.d" -MT"Core/Src/main.o" --specs=nano.specs -mfpu=fpv4-sp-d16 -mfloat-abi=hard -mthumb -o "Core/Src/main.o"
arm-none-eabi-gcc -o "PR3_LEDSW.elf" @"objects.list"   -mcpu=cortex-m4 -T"D:\SDMIDE\STMIDE WORKSPACE\PR3_LEDSW\STM32F446RETX_FLASH.ld" --specs=nosys.specs -Wl,-Map="PR3_LEDSW.map" -Wl,--gc-sections -static --specs=nano.specs -mfpu=fpv4-sp-d16 -mfloat-abi=hard -mthumb -Wl,--start-group -lc -lm -Wl,--end-group
Finished building target: PR3_LEDSW.elf
 
arm-none-eabi-size  PR3_LEDSW.elf 
arm-none-eabi-objdump -h -S PR3_LEDSW.elf  > "PR3_LEDSW.list"
   text	   data	    bss	    dec	    hex	filename
   8572	     20	   1644	  10236	   27fc	PR3_LEDSW.elf
Finished building: default.size.stdout
 
Finished building: PR3_LEDSW.list
 

16:42:21 Build Finished. 0 errors, 0 warnings. (took 1s.679ms)

