17:36:25 **** Incremental Build of configuration Debug for project PR5_8LEDSW ****
make -j12 all 
arm-none-eabi-gcc "../Core/Src/main.c" -mcpu=cortex-m4 -std=gnu11 -g3 -DDEBUG -DUSE_HAL_DRIVER -DSTM32F446xx -c -I../Core/Inc -I../Drivers/STM32F4xx_HAL_Driver/Inc -I../Drivers/STM32F4xx_HAL_Driver/Inc/Legacy -I../Drivers/CMSIS/Device/ST/STM32F4xx/Include -I../Drivers/CMSIS/Include -O0 -ffunction-sections -fdata-sections -Wall -fstack-usage -fcyclomatic-complexity -MMD -MP -MF"Core/Src/main.d" -MT"Core/Src/main.o" --specs=nano.specs -mfpu=fpv4-sp-d16 -mfloat-abi=hard -mthumb -o "Core/Src/main.o"
arm-none-eabi-gcc -o "PR5_8LEDSW.elf" @"objects.list"   -mcpu=cortex-m4 -T"D:\SDMIDE\STMIDE WORKSPACE\PR5_8LEDSW\STM32F446RETX_FLASH.ld" --specs=nosys.specs -Wl,-Map="PR5_8LEDSW.map" -Wl,--gc-sections -static --specs=nano.specs -mfpu=fpv4-sp-d16 -mfloat-abi=hard -mthumb -Wl,--start-group -lc -lm -Wl,--end-group
Finished building target: PR5_8LEDSW.elf
 
arm-none-eabi-size  PR5_8LEDSW.elf 
arm-none-eabi-objdump -h -S PR5_8LEDSW.elf  > "PR5_8LEDSW.list"
   text	   data	    bss	    dec	    hex	filename
   8740	     20	   1644	  10404	   28a4	PR5_8LEDSW.elf
Finished building: default.size.stdout
 
Finished building: PR5_8LEDSW.list
 

17:36:26 Build Finished. 0 errors, 0 warnings. (took 1s.89ms)

