18:28:53 **** Build of configuration Debug for project TIMER_TOG ****
make -j12 all 
arm-none-eabi-gcc "../Core/Src/main.c" -mcpu=cortex-m4 -std=gnu11 -g3 -DDEBUG -DUSE_HAL_DRIVER -DSTM32F446xx -c -I../Core/Inc -I../Drivers/STM32F4xx_HAL_Driver/Inc -I../Drivers/STM32F4xx_HAL_Driver/Inc/Legacy -I../Drivers/CMSIS/Device/ST/STM32F4xx/Include -I../Drivers/CMSIS/Include -O0 -ffunction-sections -fdata-sections -Wall -fstack-usage -fcyclomatic-complexity -MMD -MP -MF"Core/Src/main.d" -MT"Core/Src/main.o" --specs=nano.specs -mfpu=fpv4-sp-d16 -mfloat-abi=hard -mthumb -o "Core/Src/main.o"
arm-none-eabi-gcc -o "TIMER_TOG.elf" @"objects.list"   -mcpu=cortex-m4 -T"D:\SDMIDE\STMIDE WORKSPACE\TIMER_TOG\STM32F446RETX_FLASH.ld" --specs=nosys.specs -Wl,-Map="TIMER_TOG.map" -Wl,--gc-sections -static --specs=nano.specs -mfpu=fpv4-sp-d16 -mfloat-abi=hard -mthumb -Wl,--start-group -lc -lm -Wl,--end-group
Finished building target: TIMER_TOG.elf
 
arm-none-eabi-size  TIMER_TOG.elf 
arm-none-eabi-objdump -h -S TIMER_TOG.elf  > "TIMER_TOG.list"
   text	   data	    bss	    dec	    hex	filename
   8400	     20	   1644	  10064	   2750	TIMER_TOG.elf
Finished building: default.size.stdout
 
Finished building: TIMER_TOG.list
 

18:28:55 Build Finished. 0 errors, 0 warnings. (took 1s.896ms)

